// Jest Snapshot v1, https://goo.gl/fbAQLP

exports[`RaisedButton tests renders without crashing 1`] = `
<RaisedButton
  classes={
    Object {
      "button": "RaisedButton-button-1",
    }
  }
  disabled={false}
  label="source"
  onClick={[Function]}
/>
`;
