// Jest Snapshot v1, https://goo.gl/fbAQLP

exports[`FlatButton tests renders without crashing 1`] = `
<FlatButton
  classes={
    Object {
      "button": "FlatButton-button-1",
    }
  }
  disabled={false}
  label="source"
  onClick={[Function]}
/>
`;
