// Jest Snapshot v1, https://goo.gl/fbAQLP

exports[`Avatar tests renders without crashing 1`] = `
<div
  className="avatar-container"
  onClick={[Function]}
>
  <WithStyles(Avatar)
    alt="user avatar"
    src="source"
  />
</div>
`;
