// Jest Snapshot v1, https://goo.gl/fbAQLP

exports[`SideMenu tests renders without crashing 1`] = `<Route />`;
